// Vitest Snapshot v1, https://vitest.dev/guide/snapshot.html

exports[`graphviz > JSON to DOT language 1`] = `
"strict digraph {
  a
  b
  c
  b -> a
  c -> a
  c -> b
}
"
`;
